[heat-admin@overcloud-cephstorage-0 ~]$ sudo !!
sudo fdisk -l

Disk /dev/sdd: 1200.2 GB, 1200243695616 bytes, 2344225968 sectors
Units = sectors of 1 * 512 = 512 bytes
Sector size (logical/physical): 512 bytes / 512 bytes
I/O size (minimum/optimal): 512 bytes / 512 bytes
Disk label type: dos
Disk identifier: 0x000ef245

   Device Boot      Start         End      Blocks   Id  System

Disk /dev/sde: 1200.2 GB, 1200243695616 bytes, 2344225968 sectors
Units = sectors of 1 * 512 = 512 bytes
Sector size (logical/physical): 512 bytes / 512 bytes
I/O size (minimum/optimal): 512 bytes / 512 bytes
Disk label type: dos
Disk identifier: 0x000d35d7

   Device Boot      Start         End      Blocks   Id  System

Disk /dev/sdg: 1200.2 GB, 1200243695616 bytes, 2344225968 sectors
Units = sectors of 1 * 512 = 512 bytes
Sector size (logical/physical): 512 bytes / 512 bytes
I/O size (minimum/optimal): 512 bytes / 512 bytes
Disk label type: dos
Disk identifier: 0x0009bf15

   Device Boot      Start         End      Blocks   Id  System

Disk /dev/sdf: 1200.2 GB, 1200243695616 bytes, 2344225968 sectors
Units = sectors of 1 * 512 = 512 bytes
Sector size (logical/physical): 512 bytes / 512 bytes
I/O size (minimum/optimal): 512 bytes / 512 bytes
Disk label type: dos
Disk identifier: 0x000b6ed7

   Device Boot      Start         End      Blocks   Id  System

Disk /dev/sdh: 1200.2 GB, 1200243695616 bytes, 2344225968 sectors
Units = sectors of 1 * 512 = 512 bytes
Sector size (logical/physical): 512 bytes / 512 bytes
I/O size (minimum/optimal): 512 bytes / 512 bytes
Disk label type: dos
Disk identifier: 0x0007fbe4

   Device Boot      Start         End      Blocks   Id  System

Disk /dev/sdi: 1200.2 GB, 1200243695616 bytes, 2344225968 sectors
Units = sectors of 1 * 512 = 512 bytes
Sector size (logical/physical): 512 bytes / 512 bytes
I/O size (minimum/optimal): 512 bytes / 512 bytes
Disk label type: dos
Disk identifier: 0x0006350f

   Device Boot      Start         End      Blocks   Id  System

Disk /dev/sdl: 1200.2 GB, 1200243695616 bytes, 2344225968 sectors
Units = sectors of 1 * 512 = 512 bytes
Sector size (logical/physical): 512 bytes / 512 bytes
I/O size (minimum/optimal): 512 bytes / 512 bytes
Disk label type: dos
Disk identifier: 0x000109b6

   Device Boot      Start         End      Blocks   Id  System

Disk /dev/sdj: 1200.2 GB, 1200243695616 bytes, 2344225968 sectors
Units = sectors of 1 * 512 = 512 bytes
Sector size (logical/physical): 512 bytes / 512 bytes
I/O size (minimum/optimal): 512 bytes / 512 bytes
Disk label type: dos
Disk identifier: 0x0004803e

   Device Boot      Start         End      Blocks   Id  System

Disk /dev/sdk: 1200.2 GB, 1200243695616 bytes, 2344225968 sectors
Units = sectors of 1 * 512 = 512 bytes
Sector size (logical/physical): 512 bytes / 512 bytes
I/O size (minimum/optimal): 512 bytes / 512 bytes
Disk label type: dos
Disk identifier: 0x0002cf7e

   Device Boot      Start         End      Blocks   Id  System

Disk /dev/sdm: 1200.2 GB, 1200243695616 bytes, 2344225968 sectors
Units = sectors of 1 * 512 = 512 bytes
Sector size (logical/physical): 512 bytes / 512 bytes
I/O size (minimum/optimal): 512 bytes / 512 bytes
Disk label type: dos
Disk identifier: 0x000e8a53

   Device Boot      Start         End      Blocks   Id  System

Disk /dev/sdo: 1200.2 GB, 1200243695616 bytes, 2344225968 sectors
Units = sectors of 1 * 512 = 512 bytes
Sector size (logical/physical): 512 bytes / 512 bytes
I/O size (minimum/optimal): 512 bytes / 512 bytes
Disk label type: dos
Disk identifier: 0x000b00f4

   Device Boot      Start         End      Blocks   Id  System

Disk /dev/sds: 1200.2 GB, 1200243695616 bytes, 2344225968 sectors
Units = sectors of 1 * 512 = 512 bytes
Sector size (logical/physical): 512 bytes / 512 bytes
I/O size (minimum/optimal): 512 bytes / 512 bytes
Disk label type: dos
Disk identifier: 0x00042624

   Device Boot      Start         End      Blocks   Id  System

Disk /dev/sdn: 1200.2 GB, 1200243695616 bytes, 2344225968 sectors
Units = sectors of 1 * 512 = 512 bytes
Sector size (logical/physical): 512 bytes / 512 bytes
I/O size (minimum/optimal): 512 bytes / 512 bytes
Disk label type: dos
Disk identifier: 0x000cc6db

   Device Boot      Start         End      Blocks   Id  System

Disk /dev/sdr: 1200.2 GB, 1200243695616 bytes, 2344225968 sectors
Units = sectors of 1 * 512 = 512 bytes
Sector size (logical/physical): 512 bytes / 512 bytes
I/O size (minimum/optimal): 512 bytes / 512 bytes
Disk label type: dos
Disk identifier: 0x0005d9bb

   Device Boot      Start         End      Blocks   Id  System

Disk /dev/sdq: 1200.2 GB, 1200243695616 bytes, 2344225968 sectors
Units = sectors of 1 * 512 = 512 bytes
Sector size (logical/physical): 512 bytes / 512 bytes
I/O size (minimum/optimal): 512 bytes / 512 bytes
Disk label type: dos
Disk identifier: 0x00078cb3

   Device Boot      Start         End      Blocks   Id  System

Disk /dev/sdu: 1200.2 GB, 1200243695616 bytes, 2344225968 sectors
Units = sectors of 1 * 512 = 512 bytes
Sector size (logical/physical): 512 bytes / 512 bytes
I/O size (minimum/optimal): 512 bytes / 512 bytes
Disk label type: dos
Disk identifier: 0x0000a73a

   Device Boot      Start         End      Blocks   Id  System

Disk /dev/sdp: 1200.2 GB, 1200243695616 bytes, 2344225968 sectors
Units = sectors of 1 * 512 = 512 bytes
Sector size (logical/physical): 512 bytes / 512 bytes
I/O size (minimum/optimal): 512 bytes / 512 bytes
Disk label type: dos
Disk identifier: 0x00094774

   Device Boot      Start         End      Blocks   Id  System

Disk /dev/sdw: 1200.2 GB, 1200243695616 bytes, 2344225968 sectors
Units = sectors of 1 * 512 = 512 bytes
Sector size (logical/physical): 512 bytes / 512 bytes
I/O size (minimum/optimal): 512 bytes / 512 bytes
Disk label type: dos
Disk identifier: 0x000c722d

   Device Boot      Start         End      Blocks   Id  System

Disk /dev/sdt: 1200.2 GB, 1200243695616 bytes, 2344225968 sectors
Units = sectors of 1 * 512 = 512 bytes
Sector size (logical/physical): 512 bytes / 512 bytes
I/O size (minimum/optimal): 512 bytes / 512 bytes
Disk label type: dos
Disk identifier: 0x00025ed6

   Device Boot      Start         End      Blocks   Id  System

Disk /dev/sdb: 800.2 GB, 800166076416 bytes, 1562824368 sectors
Units = sectors of 1 * 512 = 512 bytes
Sector size (logical/physical): 512 bytes / 4096 bytes
I/O size (minimum/optimal): 4096 bytes / 4096 bytes
Disk label type: dos
Disk identifier: 0x0002559d

   Device Boot      Start         End      Blocks   Id  System

Disk /dev/sda: 800.2 GB, 800166076416 bytes, 1562824368 sectors
Units = sectors of 1 * 512 = 512 bytes
Sector size (logical/physical): 512 bytes / 4096 bytes
I/O size (minimum/optimal): 4096 bytes / 4096 bytes
Disk label type: dos
Disk identifier: 0x000b5bde

   Device Boot      Start         End      Blocks   Id  System
/dev/sda1            2048        4095        1024   83  Linux
/dev/sda2   *        4096  1562819264   781407584+  83  Linux

Disk /dev/sdc: 800.2 GB, 800166076416 bytes, 1562824368 sectors
Units = sectors of 1 * 512 = 512 bytes
Sector size (logical/physical): 512 bytes / 4096 bytes
I/O size (minimum/optimal): 4096 bytes / 4096 bytes
Disk label type: dos
Disk identifier: 0x00010679

   Device Boot      Start         End      Blocks   Id  System

Disk /dev/sdv: 1200.2 GB, 1200243695616 bytes, 2344225968 sectors
Units = sectors of 1 * 512 = 512 bytes
Sector size (logical/physical): 512 bytes / 512 bytes
I/O size (minimum/optimal): 512 bytes / 512 bytes
Disk label type: dos
Disk identifier: 0x000e30a5

   Device Boot      Start         End      Blocks   Id  System